nohup: ignoring input
time="2026-06-01T22:32:27.634435468Z" level=info msg="Start initial configuration in progress"
time="2026-06-01T22:32:27.646918250Z" level=info msg="Geodata Loader mode: memconservative"
time="2026-06-01T22:32:27.646943491Z" level=info msg="Geosite Matcher implementation: succinct"
time="2026-06-01T22:32:27.647250890Z" level=info msg="Initial configuration complete, total time: 12ms"
time="2026-06-01T22:32:27.647291901Z" level=info msg="Sniffer is closed"
time="2026-06-01T22:32:27.647295808Z" level=info msg="Use tcp concurrent"
time="2026-06-01T22:32:27.647377791Z" level=error msg="Start Mixed(http+socks) server error: listen tcp :7890: bind: address already in use"
time="2026-06-01T22:32:27.647702857Z" level=error msg="External controller listen error: listen tcp 127.0.0.1:9090: bind: address already in use"
time="2026-06-01T22:32:27.648026768Z" level=warning msg="[TUN] default interface changed by monitor, => enp5s0"
time="2026-06-01T22:32:27.648074196Z" level=error msg="Start TUN listening error: configure tun interface: device or resource busy"
time="2026-06-01T22:32:27.648101892Z" level=info msg="Start initial compatible provider default"
time="2026-06-01T22:32:27.648108855Z" level=info msg="Start initial compatible provider 故障转移"
time="2026-06-01T22:32:27.648112879Z" level=info msg="Start initial compatible provider 🐮牛逼"
time="2026-06-01T22:32:27.648182998Z" level=info msg="Start initial compatible provider 自动选择"
time="2026-06-01T22:32:28.611129215Z" level=warning msg="[CacheFile] can't open cache file: timeout"
time="2026-06-01T23:18:45.271746643Z" level=info msg="Start initial configuration in progress"
time="2026-06-01T23:18:45.281843941Z" level=info msg="Geodata Loader mode: memconservative"
time="2026-06-01T23:18:45.281991392Z" level=info msg="Geosite Matcher implementation: succinct"
time="2026-06-01T23:18:45.284790167Z" level=info msg="Initial configuration complete, total time: 12ms"
time="2026-06-01T23:18:45.285025210Z" level=info msg="Sniffer is closed"
time="2026-06-01T23:18:45.285079144Z" level=info msg="Use tcp concurrent"
time="2026-06-01T23:18:45.285126119Z" level=error msg="External controller listen error: listen tcp 127.0.0.1:9090: bind: address already in use"
time="2026-06-01T23:18:45.285278736Z" level=error msg="Start Mixed(http+socks) server error: listen tcp :7890: bind: address already in use"
time="2026-06-01T23:18:45.287049802Z" level=warning msg="[TUN] default interface changed by monitor, => enp5s0"
time="2026-06-01T23:18:45.287201880Z" level=error msg="Start TUN listening error: configure tun interface: device or resource busy"
time="2026-06-01T23:18:45.287310719Z" level=info msg="Start initial compatible provider 故障转移"
time="2026-06-01T23:18:45.287389690Z" level=info msg="Start initial compatible provider 自动选择"
time="2026-06-01T23:18:45.287395523Z" level=info msg="Start initial compatible provider 🐮牛逼"
time="2026-06-01T23:18:45.287397491Z" level=info msg="Start initial compatible provider default"
